---
source: src/lsp.rs
assertion_line: 835
expression: "query(\"F\").await"

---
Ok(
    Some(
        [],
    ),
)
