---
source: src/lsp.rs
assertion_line: 1154
expression: "query(\"A\").await"

---
Ok(
    Some(
        [],
    ),
)
