---
source: src/lsp.rs
assertion_line: 1155
expression: "query(\"X\").await"

---
Ok(
    Some(
        [],
    ),
)
