---
source: src/lsp.rs
assertion_line: 831
expression: "query(\"\").await"

---
Ok(
    Some(
        [],
    ),
)
