---
source: src/parse.rs
assertion_line: 100
expression: "&tree.root_node().to_sexp()"

---
"(source_file (decl (event_decl id: (id) (func_params) (func_body))))"
